// Jest Snapshot v1, https://goo.gl/fbAQLP

exports[`Text renders correctly 1`] = `
<DocumentFragment>
  <h1
    class="MuiTypography-root makeStyles-text-1 makeStyles-text-2 MuiTypography-h1 MuiTypography-colorSecondary"
  >
    This is home
  </h1>
  <h1
    class="MuiTypography-root makeStyles-text-1 makeStyles-text-3 MuiTypography-h1"
  >
    This is home
  </h1>
  <button
    class="MuiButtonBase-root MuiButton-root MuiButton-contained makeStyles-button-4 makeStyles-button-5 MuiButton-containedPrimary"
    tabindex="0"
    type="button"
  >
    <span
      class="MuiButton-label"
    >
      this is button
    </span>
    <span
      class="MuiTouchRipple-root"
    />
  </button>
  <button
    class="MuiButtonBase-root MuiButton-root MuiButton-outlined makeStyles-button-4 makeStyles-button-6 MuiButton-outlinedPrimary"
    tabindex="0"
    type="button"
  >
    <span
      class="MuiButton-label"
    >
      this is button
    </span>
    <span
      class="MuiTouchRipple-root"
    />
  </button>
  <div
    class="MuiBox-root MuiBox-root-8 makeStyles-container-7"
  >
    <p
      class="MuiTypography-root makeStyles-text-1 makeStyles-text-9 MuiTypography-body1"
    >
      this is container
    </p>
  </div>
</DocumentFragment>
`;
