// Jest Snapshot v1, https://goo.gl/fbAQLP

exports[`Button renders correctly 1`] = `
<DocumentFragment>
  <button
    class="MuiButtonBase-root MuiButton-root MuiButton-text makeStyles-button-1 makeStyles-button-2 MuiButton-textSizeLarge MuiButton-sizeLarge"
    tabindex="0"
    type="button"
  >
    <span
      class="MuiButton-label"
    >
      Mock button
    </span>
    <span
      class="MuiTouchRipple-root"
    />
  </button>
</DocumentFragment>
`;
